<html>
<body>
<pre>
<h1>µVision Build Log</h1>
<h2>Project:</h2>
C:\Keil\ValvanoWareTM4C123\Lab_3\ST7735.uvproj
Project File Date:  09/20/2019

<h2>Output:</h2>
Rebuild target 'ST7735'
assembling startup.s...
compiling PLL.c...
compiling ST7735.c...
compiling Lab3.c...
compiling Timers.c...
linking...
Program Size: Code=3448 RO-data=32780 RW-data=68 ZI-data=1068  
".\ST7735.axf" - 0 Error(s), 0 Warning(s).

Program Size: Code=3448 RO-data=32780 RW-data=68 ZI-data=1068  
".\ST7735.axf" - 0 Error(s), 1 Warning(s).
rning and 1 error messages.
".\ST7735.axf" - 1 Error(s), 0 Warning(s).
Target not created
mers.c: 2 warnings, 0 errors
linking...
Program Size: Code=3380 RO-data=32780 RW-data=64 ZI-data=1064  
".\ST7735.axf" - 0 Error(s), 3 Warning(s).
