ARM Linker, 5.03 [Build 76] [MDK-ARM Professional]

==============================================================================

Section Cross References

    startup.o(RESET) refers to startup.o(STACK) for StackMem
    startup.o(RESET) refers to lab3.o(i.Timer0A_Handler) for Timer0A_Handler
    startup.o(RESET) refers to lab3.o(i.Timer2A_Handler) for Timer2A_Handler
    startup.o(RESET) refers to lab3.o(i.Timer3A_Handler) for Timer3A_Handler
    startup.o(RESET) refers to entry.o(.ARM.Collect$$$$00000000) for __main
    st7735.o(i.Output_Clear) refers to st7735.o(i.ST7735_FillScreen) for ST7735_FillScreen
    st7735.o(i.Output_Color) refers to st7735.o(i.ST7735_SetTextColor) for ST7735_SetTextColor
    st7735.o(i.Output_Init) refers to st7735.o(i.ST7735_InitR) for ST7735_InitR
    st7735.o(i.Output_Init) refers to st7735.o(i.ST7735_FillScreen) for ST7735_FillScreen
    st7735.o(i.Output_Off) refers to st7735.o(i.Output_Clear) for Output_Clear
    st7735.o(i.Output_On) refers to st7735.o(i.Output_Init) for Output_Init
    st7735.o(i.ST7735_DrawBitmap) refers to st7735.o(i.setAddrWindow) for setAddrWindow
    st7735.o(i.ST7735_DrawBitmap) refers to st7735.o(i.writedata) for writedata
    st7735.o(i.ST7735_DrawBitmap) refers to st7735.o(.data) for _width
    st7735.o(i.ST7735_DrawChar) refers to st7735.o(i.setAddrWindow) for setAddrWindow
    st7735.o(i.ST7735_DrawChar) refers to st7735.o(i.pushColor) for pushColor
    st7735.o(i.ST7735_DrawChar) refers to st7735.o(.data) for _width
    st7735.o(i.ST7735_DrawChar) refers to st7735.o(.constdata) for Font
    st7735.o(i.ST7735_DrawCharS) refers to st7735.o(i.ST7735_DrawPixel) for ST7735_DrawPixel
    st7735.o(i.ST7735_DrawCharS) refers to st7735.o(i.ST7735_FillRect) for ST7735_FillRect
    st7735.o(i.ST7735_DrawCharS) refers to st7735.o(.data) for _width
    st7735.o(i.ST7735_DrawCharS) refers to st7735.o(.constdata) for Font
    st7735.o(i.ST7735_DrawFastHLine) refers to st7735.o(i.setAddrWindow) for setAddrWindow
    st7735.o(i.ST7735_DrawFastHLine) refers to st7735.o(i.writedata) for writedata
    st7735.o(i.ST7735_DrawFastHLine) refers to st7735.o(.data) for _width
    st7735.o(i.ST7735_DrawFastVLine) refers to st7735.o(i.setAddrWindow) for setAddrWindow
    st7735.o(i.ST7735_DrawFastVLine) refers to st7735.o(i.writedata) for writedata
    st7735.o(i.ST7735_DrawFastVLine) refers to st7735.o(.data) for _width
    st7735.o(i.ST7735_DrawPixel) refers to st7735.o(i.setAddrWindow) for setAddrWindow
    st7735.o(i.ST7735_DrawPixel) refers to st7735.o(i.pushColor) for pushColor
    st7735.o(i.ST7735_DrawPixel) refers to st7735.o(.data) for _width
    st7735.o(i.ST7735_DrawString) refers to st7735.o(i.ST7735_DrawCharS) for ST7735_DrawCharS
    st7735.o(i.ST7735_FillRect) refers to st7735.o(i.setAddrWindow) for setAddrWindow
    st7735.o(i.ST7735_FillRect) refers to st7735.o(i.writedata) for writedata
    st7735.o(i.ST7735_FillRect) refers to st7735.o(.data) for _width
    st7735.o(i.ST7735_FillScreen) refers to st7735.o(i.ST7735_FillRect) for ST7735_FillRect
    st7735.o(i.ST7735_FillScreen) refers to st7735.o(.data) for _height
    st7735.o(i.ST7735_InitB) refers to st7735.o(i.commonInit) for commonInit
    st7735.o(i.ST7735_InitB) refers to st7735.o(i.ST7735_SetCursor) for ST7735_SetCursor
    st7735.o(i.ST7735_InitB) refers to st7735.o(i.ST7735_FillScreen) for ST7735_FillScreen
    st7735.o(i.ST7735_InitB) refers to st7735.o(.constdata) for Bcmd
    st7735.o(i.ST7735_InitB) refers to st7735.o(.data) for StTextColor
    st7735.o(i.ST7735_InitR) refers to st7735.o(i.commonInit) for commonInit
    st7735.o(i.ST7735_InitR) refers to st7735.o(i.commandList) for commandList
    st7735.o(i.ST7735_InitR) refers to st7735.o(i.writecommand) for writecommand
    st7735.o(i.ST7735_InitR) refers to st7735.o(i.writedata) for writedata
    st7735.o(i.ST7735_InitR) refers to st7735.o(i.ST7735_SetCursor) for ST7735_SetCursor
    st7735.o(i.ST7735_InitR) refers to st7735.o(i.ST7735_FillScreen) for ST7735_FillScreen
    st7735.o(i.ST7735_InitR) refers to st7735.o(.constdata) for Rcmd1
    st7735.o(i.ST7735_InitR) refers to st7735.o(.data) for ColStart
    st7735.o(i.ST7735_InvertDisplay) refers to st7735.o(i.writecommand) for writecommand
    st7735.o(i.ST7735_Line) refers to st7735.o(i.plotLineX) for plotLineX
    st7735.o(i.ST7735_Line) refers to st7735.o(i.plotLineY) for plotLineY
    st7735.o(i.ST7735_OutChar) refers to st7735.o(i.ST7735_DrawString) for ST7735_DrawString
    st7735.o(i.ST7735_OutChar) refers to st7735.o(i.ST7735_DrawCharS) for ST7735_DrawCharS
    st7735.o(i.ST7735_OutChar) refers to st7735.o(.data) for StY
    st7735.o(i.ST7735_OutString) refers to st7735.o(i.ST7735_OutChar) for ST7735_OutChar
    st7735.o(i.ST7735_OutUDec) refers to st7735.o(i.fillmessage) for fillmessage
    st7735.o(i.ST7735_OutUDec) refers to st7735.o(i.ST7735_DrawString) for ST7735_DrawString
    st7735.o(i.ST7735_OutUDec) refers to st7735.o(i.ST7735_DrawCharS) for ST7735_DrawCharS
    st7735.o(i.ST7735_OutUDec) refers to st7735.o(.data) for Messageindex
    st7735.o(i.ST7735_OutUDec) refers to st7735.o(.bss) for Message
    st7735.o(i.ST7735_PlotBar) refers to st7735.o(i.ST7735_DrawFastVLine) for ST7735_DrawFastVLine
    st7735.o(i.ST7735_PlotBar) refers to st7735.o(.data) for Ymin
    st7735.o(i.ST7735_PlotClear) refers to st7735.o(i.ST7735_Color565) for ST7735_Color565
    st7735.o(i.ST7735_PlotClear) refers to st7735.o(i.ST7735_FillRect) for ST7735_FillRect
    st7735.o(i.ST7735_PlotClear) refers to st7735.o(.data) for Ymax
    st7735.o(i.ST7735_PlotLine) refers to st7735.o(i.ST7735_DrawPixel) for ST7735_DrawPixel
    st7735.o(i.ST7735_PlotLine) refers to st7735.o(.data) for Ymin
    st7735.o(i.ST7735_PlotNext) refers to st7735.o(.data) for X
    st7735.o(i.ST7735_PlotNextErase) refers to st7735.o(i.ST7735_Color565) for ST7735_Color565
    st7735.o(i.ST7735_PlotNextErase) refers to st7735.o(i.ST7735_DrawFastVLine) for ST7735_DrawFastVLine
    st7735.o(i.ST7735_PlotNextErase) refers to st7735.o(.data) for X
    st7735.o(i.ST7735_PlotPoint) refers to st7735.o(i.ST7735_DrawPixel) for ST7735_DrawPixel
    st7735.o(i.ST7735_PlotPoint) refers to st7735.o(.data) for Ymin
    st7735.o(i.ST7735_PlotPoints) refers to st7735.o(i.ST7735_DrawPixel) for ST7735_DrawPixel
    st7735.o(i.ST7735_PlotPoints) refers to st7735.o(.data) for Ymin
    st7735.o(i.ST7735_PlotdBfs) refers to st7735.o(i.ST7735_DrawFastVLine) for ST7735_DrawFastVLine
    st7735.o(i.ST7735_PlotdBfs) refers to st7735.o(.constdata) for dBfs
    st7735.o(i.ST7735_PlotdBfs) refers to st7735.o(.data) for X
    st7735.o(i.ST7735_SetCursor) refers to st7735.o(.data) for StX
    st7735.o(i.ST7735_SetRotation) refers to st7735.o(i.writecommand) for writecommand
    st7735.o(i.ST7735_SetRotation) refers to st7735.o(i.writedata) for writedata
    st7735.o(i.ST7735_SetRotation) refers to st7735.o(.data) for Rotation
    st7735.o(i.ST7735_SetTextColor) refers to st7735.o(.data) for StTextColor
    st7735.o(i.commandList) refers to st7735.o(i.writecommand) for writecommand
    st7735.o(i.commandList) refers to st7735.o(i.writedata) for writedata
    st7735.o(i.commandList) refers to st7735.o(i.Delay1ms) for Delay1ms
    st7735.o(i.commonInit) refers to st7735.o(i.Delay1ms) for Delay1ms
    st7735.o(i.commonInit) refers to st7735.o(i.commandList) for commandList
    st7735.o(i.commonInit) refers to st7735.o(.data) for RowStart
    st7735.o(i.fillmessage) refers to st7735.o(.bss) for Message
    st7735.o(i.fillmessage) refers to st7735.o(.data) for Messageindex
    st7735.o(i.fputc) refers to st7735.o(i.ST7735_OutChar) for ST7735_OutChar
    st7735.o(i.plotLineX) refers to st7735.o(i.ST7735_DrawPixel) for ST7735_DrawPixel
    st7735.o(i.plotLineY) refers to st7735.o(i.ST7735_DrawPixel) for ST7735_DrawPixel
    st7735.o(i.pushColor) refers to st7735.o(i.writedata) for writedata
    st7735.o(i.setAddrWindow) refers to st7735.o(i.writecommand) for writecommand
    st7735.o(i.setAddrWindow) refers to st7735.o(i.writedata) for writedata
    st7735.o(i.setAddrWindow) refers to st7735.o(.data) for ColStart
    lab3.o(i.Timer0A_Handler) refers to lab3.o(i.incrementHandler) for incrementHandler
    lab3.o(i.Timer0A_Handler) refers to lab3.o(i.decrementHandler) for decrementHandler
    lab3.o(i.Timer0A_Handler) refers to lab3.o(i.storePrevButtonVal) for storePrevButtonVal
    lab3.o(i.Timer0A_Handler) refers to lab3.o(.data) for prevPF4
    lab3.o(i.Timer0A_Handler) refers to lab3.o(.bss) for minute_hand
    lab3.o(i.Timer2A_Handler) refers to lab3.o(.data) for secondCount
    lab3.o(i.Timer2A_Handler) refers to lab3.o(.bss) for minute_hand
    lab3.o(i.ambientDisplay) refers to lab3.o(i.displayClock) for displayClock
    lab3.o(i.ambientDisplay) refers to lab3.o(.bss) for minute_hand
    lab3.o(i.decHand) refers to lab3.o(i.getModeHand) for getModeHand
    lab3.o(i.decrementHandler) refers to lab3.o(i.decHand) for decHand
    lab3.o(i.decrementHandler) refers to lab3.o(.data) for clockMode
    lab3.o(i.decrementHandler) refers to lab3.o(.bss) for hour_hand
    lab3.o(i.displayAlarmMessage) refers to st7735.o(i.ST7735_DrawString) for ST7735_DrawString
    lab3.o(i.displayAlarmMessage) refers to lab3.o(i.displayNumTime) for displayNumTime
    lab3.o(i.displayAlarmMessage) refers to lab3.o(.data) for isAlarmEnabled
    lab3.o(i.displayAlarmMessage) refers to lab3.o(.bss) for minute_hand
    lab3.o(i.displayClock) refers to st7735.o(i.ST7735_FillRect) for ST7735_FillRect
    lab3.o(i.displayClock) refers to lab3.o(i.displayNumTime) for displayNumTime
    lab3.o(i.displayClock) refers to lab3.o(i.displayAlarmMessage) for displayAlarmMessage
    lab3.o(i.displayClock) refers to st7735.o(i.ST7735_DrawBitmap) for ST7735_DrawBitmap
    lab3.o(i.displayClock) refers to lab3.o(i.displayHands) for displayHands
    lab3.o(i.displayClock) refers to lab3.o(.constdata) for ClockImg
    lab3.o(i.displayClock) refers to lab3.o(.data) for BM_Y
    lab3.o(i.displayHands) refers to st7735.o(i.ST7735_Line) for ST7735_Line
    lab3.o(i.displayHands) refers to lab3.o(.bss) for minute_hand
    lab3.o(i.displayHands) refers to lab3.o(.constdata) for sine
    lab3.o(i.displayHands) refers to lab3.o(.data) for CENTER_Y
    lab3.o(i.displayNumTime) refers to lab3.o(i.itoa) for itoa
    lab3.o(i.displayNumTime) refers to memcpya.o(.text) for __aeabi_memcpy4
    lab3.o(i.displayNumTime) refers to strcat.o(.text) for strcat
    lab3.o(i.displayNumTime) refers to st7735.o(i.ST7735_DrawString) for ST7735_DrawString
    lab3.o(i.displayNumTime) refers to lab3.o(.constdata) for .constdata
    lab3.o(i.incHand) refers to lab3.o(i.getModeHand) for getModeHand
    lab3.o(i.incrementHandler) refers to lab3.o(i.incHand) for incHand
    lab3.o(i.incrementHandler) refers to lab3.o(.data) for clockMode
    lab3.o(i.incrementHandler) refers to lab3.o(.bss) for hour_hand
    lab3.o(i.initAll) refers to pll.o(i.PLL_Init) for PLL_Init
    lab3.o(i.initAll) refers to gpio.o(i.GPIO_Init) for GPIO_Init
    lab3.o(i.initAll) refers to st7735.o(i.ST7735_InitR) for ST7735_InitR
    lab3.o(i.initAll) refers to lab3.o(i.initHands) for initHands
    lab3.o(i.initAll) refers to timers.o(i.Timer2_ClockTick_Init) for Timer2_ClockTick_Init
    lab3.o(i.initAll) refers to timers.o(i.Timer0_ButtonCheck_Init) for Timer0_ButtonCheck_Init
    lab3.o(i.initAll) refers to timers.o(i.Timer3_AlarmSound_Init) for Timer3_AlarmSound_Init
    lab3.o(i.initAll) refers to st7735.o(i.ST7735_FillScreen) for ST7735_FillScreen
    lab3.o(i.initHands) refers to lab3.o(.bss) for minute_hand
    lab3.o(i.main) refers to lab3.o(i.initAll) for initAll
    lab3.o(i.main) refers to lab3.o(.data) for isDisplayed
    lab3.o(i.setAlarmDisplay) refers to lab3.o(i.displayClock) for displayClock
    lab3.o(i.setAlarmDisplay) refers to lab3.o(.data) for setTimeState
    lab3.o(i.setAlarmDisplay) refers to lab3.o(.bss) for minute_hand
    lab3.o(i.setCurrentTimeDisplay) refers to lab3.o(i.displayClock) for displayClock
    lab3.o(i.setCurrentTimeDisplay) refers to lab3.o(.data) for setTimeState
    lab3.o(i.setCurrentTimeDisplay) refers to lab3.o(.bss) for minute_hand
    lab3.o(i.storePrevButtonVal) refers to lab3.o(.data) for prevPF0
    lab3.o(.data) refers to lab3.o(i.ambientDisplay) for ambientDisplay
    lab3.o(.data) refers to lab3.o(i.setAlarmDisplay) for setAlarmDisplay
    lab3.o(.data) refers to lab3.o(i.setCurrentTimeDisplay) for setCurrentTimeDisplay
    gpio.o(i.GPIO_Init) refers to gpio.o(i.PortF_Init) for PortF_Init
    gpio.o(i.GPIO_Init) refers to gpio.o(i.PortB_Init) for PortB_Init
    entry.o(.ARM.Collect$$$$00000000) refers (Special) to entry10a.o(.ARM.Collect$$$$0000000D) for __rt_final_cpp
    entry.o(.ARM.Collect$$$$00000000) refers (Special) to entry11a.o(.ARM.Collect$$$$0000000F) for __rt_final_exit
    entry.o(.ARM.Collect$$$$00000000) refers (Special) to entry7b.o(.ARM.Collect$$$$00000008) for _main_clock
    entry.o(.ARM.Collect$$$$00000000) refers (Special) to entry8b.o(.ARM.Collect$$$$0000000A) for _main_cpp_init
    entry.o(.ARM.Collect$$$$00000000) refers (Special) to entry9a.o(.ARM.Collect$$$$0000000B) for _main_init
    entry.o(.ARM.Collect$$$$00000000) refers (Special) to entry5.o(.ARM.Collect$$$$00000004) for _main_scatterload
    entry.o(.ARM.Collect$$$$00000000) refers (Special) to entry2.o(.ARM.Collect$$$$00000001) for _main_stk
    entry2.o(.ARM.Collect$$$$00000001) refers to entry2.o(.ARM.Collect$$$$00002712) for __lit__00000000
    entry2.o(.ARM.Collect$$$$00002712) refers to startup.o(STACK) for __initial_sp
    entry2.o(__vectab_stack_and_reset_area) refers to startup.o(STACK) for __initial_sp
    entry2.o(__vectab_stack_and_reset_area) refers to entry.o(.ARM.Collect$$$$00000000) for __main
    entry5.o(.ARM.Collect$$$$00000004) refers to init.o(.text) for __scatterload
    entry9a.o(.ARM.Collect$$$$0000000B) refers to lab3.o(i.main) for main
    entry9b.o(.ARM.Collect$$$$0000000C) refers to lab3.o(i.main) for main
    init.o(.text) refers to entry5.o(.ARM.Collect$$$$00000004) for __main_after_scatterload


==============================================================================

Removing Unused input sections from the image.

    Removing startup.o(HEAP), (0 bytes).
    Removing startup.o(.text), (28 bytes).
    Removing st7735.o(i.Output_Clear), (10 bytes).
    Removing st7735.o(i.Output_Color), (12 bytes).
    Removing st7735.o(i.Output_Init), (16 bytes).
    Removing st7735.o(i.Output_Off), (8 bytes).
    Removing st7735.o(i.Output_On), (8 bytes).
    Removing st7735.o(i.ST7735_Color565), (24 bytes).
    Removing st7735.o(i.ST7735_DrawChar), (268 bytes).
    Removing st7735.o(i.ST7735_DrawFastHLine), (124 bytes).
    Removing st7735.o(i.ST7735_DrawFastVLine), (124 bytes).
    Removing st7735.o(i.ST7735_InitB), (40 bytes).
    Removing st7735.o(i.ST7735_InvertDisplay), (22 bytes).
    Removing st7735.o(i.ST7735_OutChar), (212 bytes).
    Removing st7735.o(i.ST7735_OutString), (24 bytes).
    Removing st7735.o(i.ST7735_OutUDec), (140 bytes).
    Removing st7735.o(i.ST7735_PlotBar), (88 bytes).
    Removing st7735.o(i.ST7735_PlotClear), (92 bytes).
    Removing st7735.o(i.ST7735_PlotLine), (264 bytes).
    Removing st7735.o(i.ST7735_PlotNext), (32 bytes).
    Removing st7735.o(i.ST7735_PlotNextErase), (64 bytes).
    Removing st7735.o(i.ST7735_PlotPoint), (152 bytes).
    Removing st7735.o(i.ST7735_PlotPoints), (172 bytes).
    Removing st7735.o(i.ST7735_PlotdBfs), (60 bytes).
    Removing st7735.o(i.ST7735_SetRotation), (212 bytes).
    Removing st7735.o(i.ST7735_SetTextColor), (12 bytes).
    Removing st7735.o(i.ST7735_SwapColor), (18 bytes).
    Removing st7735.o(i.ferror), (8 bytes).
    Removing st7735.o(i.fgetc), (6 bytes).
    Removing st7735.o(i.fillmessage), (72 bytes).
    Removing st7735.o(i.fputc), (16 bytes).
    Removing st7735.o(.bss), (12 bytes).

32 unused section(s) (total 2340 bytes) removed from the image.

==============================================================================

Image Symbol Table

    Local Symbols

    Symbol Name                              Value     Ov Type        Size  Object(Section)

    RESET                                    0x00000000   Section      644  startup.o(RESET)
    ../clib/microlib/init/entry.s            0x00000000   Number         0  entry9a.o ABSOLUTE
    ../clib/microlib/init/entry.s            0x00000000   Number         0  entry.o ABSOLUTE
    ../clib/microlib/init/entry.s            0x00000000   Number         0  entry10a.o ABSOLUTE
    ../clib/microlib/init/entry.s            0x00000000   Number         0  entry9b.o ABSOLUTE
    ../clib/microlib/init/entry.s            0x00000000   Number         0  entry8a.o ABSOLUTE
    ../clib/microlib/init/entry.s            0x00000000   Number         0  entry8b.o ABSOLUTE
    ../clib/microlib/init/entry.s            0x00000000   Number         0  entry7b.o ABSOLUTE
    ../clib/microlib/init/entry.s            0x00000000   Number         0  entry10b.o ABSOLUTE
    ../clib/microlib/init/entry.s            0x00000000   Number         0  entry7a.o ABSOLUTE
    ../clib/microlib/init/entry.s            0x00000000   Number         0  entry5.o ABSOLUTE
    ../clib/microlib/init/entry.s            0x00000000   Number         0  entry11b.o ABSOLUTE
    ../clib/microlib/init/entry.s            0x00000000   Number         0  entry2.o ABSOLUTE
    ../clib/microlib/init/entry.s            0x00000000   Number         0  entry11a.o ABSOLUTE
    ../clib/microlib/string/memcpy.c         0x00000000   Number         0  memcpyb.o ABSOLUTE
    ../clib/microlib/string/memcpy.c         0x00000000   Number         0  memcpya.o ABSOLUTE
    ../clib/microlib/string/strcat.c         0x00000000   Number         0  strcat.o ABSOLUTE
    GPIO.c                                   0x00000000   Number         0  gpio.o ABSOLUTE
    Lab3.c                                   0x00000000   Number         0  lab3.o ABSOLUTE
    PLL.c                                    0x00000000   Number         0  pll.o ABSOLUTE
    ST7735.c                                 0x00000000   Number         0  st7735.o ABSOLUTE
    Timers.c                                 0x00000000   Number         0  timers.o ABSOLUTE
    dc.s                                     0x00000000   Number         0  dc.o ABSOLUTE
    handlers.s                               0x00000000   Number         0  handlers.o ABSOLUTE
    init.s                                   0x00000000   Number         0  init.o ABSOLUTE
    startup.s                                0x00000000   Number         0  startup.o ABSOLUTE
    .ARM.Collect$$$$00000000                 0x00000284   Section        0  entry.o(.ARM.Collect$$$$00000000)
    .ARM.Collect$$$$00000001                 0x00000284   Section        4  entry2.o(.ARM.Collect$$$$00000001)
    .ARM.Collect$$$$00000004                 0x00000288   Section        4  entry5.o(.ARM.Collect$$$$00000004)
    .ARM.Collect$$$$00000008                 0x0000028c   Section        0  entry7b.o(.ARM.Collect$$$$00000008)
    .ARM.Collect$$$$0000000A                 0x0000028c   Section        0  entry8b.o(.ARM.Collect$$$$0000000A)
    .ARM.Collect$$$$0000000B                 0x0000028c   Section        8  entry9a.o(.ARM.Collect$$$$0000000B)
    .ARM.Collect$$$$0000000D                 0x00000294   Section        0  entry10a.o(.ARM.Collect$$$$0000000D)
    .ARM.Collect$$$$0000000F                 0x00000294   Section        0  entry11a.o(.ARM.Collect$$$$0000000F)
    .ARM.Collect$$$$00002712                 0x00000294   Section        4  entry2.o(.ARM.Collect$$$$00002712)
    __lit__00000000                          0x00000294   Data           4  entry2.o(.ARM.Collect$$$$00002712)
    .text                                    0x00000298   Section        0  memcpya.o(.text)
    .text                                    0x000002bc   Section        0  strcat.o(.text)
    .text                                    0x000002d4   Section       36  init.o(.text)
    i.Delay1ms                               0x000002f8   Section        0  st7735.o(i.Delay1ms)
    i.GPIO_Init                              0x00000318   Section        0  gpio.o(i.GPIO_Init)
    i.PLL_Init                               0x00000324   Section        0  pll.o(i.PLL_Init)
    i.PortB_Init                             0x000003a0   Section        0  gpio.o(i.PortB_Init)
    i.PortF_Init                             0x0000042c   Section        0  gpio.o(i.PortF_Init)
    i.ST7735_DrawBitmap                      0x000004cc   Section        0  st7735.o(i.ST7735_DrawBitmap)
    i.ST7735_DrawCharS                       0x000005ec   Section        0  st7735.o(i.ST7735_DrawCharS)
    i.ST7735_DrawPixel                       0x000006e0   Section        0  st7735.o(i.ST7735_DrawPixel)
    i.ST7735_DrawString                      0x00000728   Section        0  st7735.o(i.ST7735_DrawString)
    i.ST7735_FillRect                        0x00000780   Section        0  st7735.o(i.ST7735_FillRect)
    i.ST7735_FillScreen                      0x0000082c   Section        0  st7735.o(i.ST7735_FillScreen)
    i.ST7735_InitR                           0x00000850   Section        0  st7735.o(i.ST7735_InitR)
    i.ST7735_Line                            0x000008cc   Section        0  st7735.o(i.ST7735_Line)
    i.ST7735_SetCursor                       0x0000094c   Section        0  st7735.o(i.ST7735_SetCursor)
    i.Timer0A_Handler                        0x0000096c   Section        0  lab3.o(i.Timer0A_Handler)
    i.Timer0_ButtonCheck_Init                0x00000ac4   Section        0  timers.o(i.Timer0_ButtonCheck_Init)
    i.Timer2A_Handler                        0x00000b30   Section        0  lab3.o(i.Timer2A_Handler)
    i.Timer2_ClockTick_Init                  0x00000be4   Section        0  timers.o(i.Timer2_ClockTick_Init)
    i.Timer3A_Handler                        0x00000c44   Section        0  lab3.o(i.Timer3A_Handler)
    i.Timer3_AlarmSound_Init                 0x00000c68   Section        0  timers.o(i.Timer3_AlarmSound_Init)
    i.__scatterload_copy                     0x00000cb8   Section       14  handlers.o(i.__scatterload_copy)
    i.__scatterload_null                     0x00000cc6   Section        2  handlers.o(i.__scatterload_null)
    i.__scatterload_zeroinit                 0x00000cc8   Section       14  handlers.o(i.__scatterload_zeroinit)
    i.ambientDisplay                         0x00000cd8   Section        0  lab3.o(i.ambientDisplay)
    i.commandList                            0x00000cf4   Section        0  st7735.o(i.commandList)
    commandList                              0x00000cf5   Thumb Code    86  st7735.o(i.commandList)
    i.commonInit                             0x00000d4c   Section        0  st7735.o(i.commonInit)
    commonInit                               0x00000d4d   Thumb Code   340  st7735.o(i.commonInit)
    i.decHand                                0x00000ed0   Section        0  lab3.o(i.decHand)
    i.decrementHandler                       0x00000f04   Section        0  lab3.o(i.decrementHandler)
    i.displayAlarmMessage                    0x00000f48   Section        0  lab3.o(i.displayAlarmMessage)
    i.displayClock                           0x00000f94   Section        0  lab3.o(i.displayClock)
    i.displayHands                           0x00000ffc   Section        0  lab3.o(i.displayHands)
    i.displayNumTime                         0x000010f0   Section        0  lab3.o(i.displayNumTime)
    i.getModeHand                            0x00001174   Section        0  lab3.o(i.getModeHand)
    i.incHand                                0x00001190   Section        0  lab3.o(i.incHand)
    i.incrementHandler                       0x000011b8   Section        0  lab3.o(i.incrementHandler)
    i.initAll                                0x000011fc   Section        0  lab3.o(i.initAll)
    i.initHands                              0x00001238   Section        0  lab3.o(i.initHands)
    i.itoa                                   0x00001268   Section        0  lab3.o(i.itoa)
    i.main                                   0x00001288   Section        0  lab3.o(i.main)
    i.plotLineX                              0x000012c8   Section        0  st7735.o(i.plotLineX)
    i.plotLineY                              0x0000136e   Section        0  st7735.o(i.plotLineY)
    i.pushColor                              0x00001412   Section        0  st7735.o(i.pushColor)
    pushColor                                0x00001413   Thumb Code    18  st7735.o(i.pushColor)
    i.setAddrWindow                          0x00001424   Section        0  st7735.o(i.setAddrWindow)
    setAddrWindow                            0x00001425   Thumb Code   106  st7735.o(i.setAddrWindow)
    i.setAlarmDisplay                        0x00001498   Section        0  lab3.o(i.setAlarmDisplay)
    i.setCurrentTimeDisplay                  0x000014bc   Section        0  lab3.o(i.setCurrentTimeDisplay)
    i.storePrevButtonVal                     0x000014e0   Section        0  lab3.o(i.storePrevButtonVal)
    i.writecommand                           0x00001528   Section        0  st7735.o(i.writecommand)
    writecommand                             0x00001529   Thumb Code    40  st7735.o(i.writecommand)
    i.writedata                              0x00001558   Section        0  st7735.o(i.writedata)
    writedata                                0x00001559   Thumb Code    24  st7735.o(i.writedata)
    .constdata                               0x00001578   Section     2018  st7735.o(.constdata)
    Font                                     0x00001578   Data        1275  st7735.o(.constdata)
    Bcmd                                     0x00001a73   Data         103  st7735.o(.constdata)
    Rcmd1                                    0x00001ada   Data          59  st7735.o(.constdata)
    Rcmd2green                               0x00001b15   Data          13  st7735.o(.constdata)
    Rcmd2red                                 0x00001b22   Data          13  st7735.o(.constdata)
    Rcmd3                                    0x00001b2f   Data          43  st7735.o(.constdata)
    .constdata                               0x00001d5c   Section    30878  lab3.o(.constdata)
    .data                                    0x20000000   Section       44  st7735.o(.data)
    _width                                   0x2000000a   Data           2  st7735.o(.data)
    _height                                  0x2000000c   Data           2  st7735.o(.data)
    ColStart                                 0x20000014   Data           1  st7735.o(.data)
    RowStart                                 0x20000015   Data           1  st7735.o(.data)
    Rotation                                 0x20000016   Data           1  st7735.o(.data)
    TabColor                                 0x20000017   Data           1  st7735.o(.data)
    .data                                    0x2000002c   Section       84  lab3.o(.data)
    .bss                                     0x20000080   Section       48  lab3.o(.bss)
    STACK                                    0x200000b0   Section     1024  startup.o(STACK)
    StackMem                                 0x200000b0   Data           0  startup.o(STACK)

    Global Symbols

    Symbol Name                              Value     Ov Type        Size  Object(Section)

    BuildAttributes$$THM_ISAv4$E$P$D$K$B$S$7EM$PE$A:L22UL41UL21$X:L11$S22US41US21$IEEE1$IW$USESV6$~STKCKD$USESV7$~SHL$OSPACE$EBA8$MICROLIB$REQ8$PRES8$EABIv2 0x00000000   Number         0  anon$$obj.o ABSOLUTE
    __ARM_use_no_argv                        0x00000000   Number         0  lab3.o ABSOLUTE
    __Vectors                                0x00000000   Data           0  startup.o(RESET)
    __cpp_initialize__aeabi_                  - Undefined Weak Reference
    __cxa_finalize                            - Undefined Weak Reference
    __decompress                              - Undefined Weak Reference
    _clock_init                               - Undefined Weak Reference
    _microlib_exit                            - Undefined Weak Reference
    Reset_Handler                            0x0000026d   Thumb Code     0  startup.o(RESET)
    NMI_Handler                              0x00000271   Thumb Code     2  startup.o(RESET)
    HardFault_Handler                        0x00000273   Thumb Code     2  startup.o(RESET)
    MemManage_Handler                        0x00000275   Thumb Code     2  startup.o(RESET)
    BusFault_Handler                         0x00000277   Thumb Code     2  startup.o(RESET)
    UsageFault_Handler                       0x00000279   Thumb Code     2  startup.o(RESET)
    SVC_Handler                              0x0000027b   Thumb Code     2  startup.o(RESET)
    DebugMon_Handler                         0x0000027d   Thumb Code     2  startup.o(RESET)
    PendSV_Handler                           0x0000027f   Thumb Code     2  startup.o(RESET)
    SysTick_Handler                          0x00000281   Thumb Code     2  startup.o(RESET)
    ADC0Seq0_Handler                         0x00000283   Thumb Code     0  startup.o(RESET)
    ADC0Seq1_Handler                         0x00000283   Thumb Code     0  startup.o(RESET)
    ADC0Seq2_Handler                         0x00000283   Thumb Code     0  startup.o(RESET)
    ADC0Seq3_Handler                         0x00000283   Thumb Code     0  startup.o(RESET)
    ADC1Seq0_Handler                         0x00000283   Thumb Code     0  startup.o(RESET)
    ADC1Seq1_Handler                         0x00000283   Thumb Code     0  startup.o(RESET)
    ADC1Seq2_Handler                         0x00000283   Thumb Code     0  startup.o(RESET)
    ADC1Seq3_Handler                         0x00000283   Thumb Code     0  startup.o(RESET)
    CAN0_Handler                             0x00000283   Thumb Code     0  startup.o(RESET)
    CAN1_Handler                             0x00000283   Thumb Code     0  startup.o(RESET)
    CAN2_Handler                             0x00000283   Thumb Code     0  startup.o(RESET)
    Comp0_Handler                            0x00000283   Thumb Code     0  startup.o(RESET)
    Comp1_Handler                            0x00000283   Thumb Code     0  startup.o(RESET)
    Comp2_Handler                            0x00000283   Thumb Code     0  startup.o(RESET)
    Ethernet_Handler                         0x00000283   Thumb Code     0  startup.o(RESET)
    ExtBus_Handler                           0x00000283   Thumb Code     0  startup.o(RESET)
    FPU_Handler                              0x00000283   Thumb Code     0  startup.o(RESET)
    Fan0_Handler                             0x00000283   Thumb Code     0  startup.o(RESET)
    FlashCtl_Handler                         0x00000283   Thumb Code     0  startup.o(RESET)
    GPIOPortA_Handler                        0x00000283   Thumb Code     0  startup.o(RESET)
    GPIOPortB_Handler                        0x00000283   Thumb Code     0  startup.o(RESET)
    GPIOPortC_Handler                        0x00000283   Thumb Code     0  startup.o(RESET)
    GPIOPortD_Handler                        0x00000283   Thumb Code     0  startup.o(RESET)
    GPIOPortE_Handler                        0x00000283   Thumb Code     0  startup.o(RESET)
    GPIOPortF_Handler                        0x00000283   Thumb Code     0  startup.o(RESET)
    GPIOPortG_Handler                        0x00000283   Thumb Code     0  startup.o(RESET)
    GPIOPortH_Handler                        0x00000283   Thumb Code     0  startup.o(RESET)
    GPIOPortJ_Handler                        0x00000283   Thumb Code     0  startup.o(RESET)
    GPIOPortK_Handler                        0x00000283   Thumb Code     0  startup.o(RESET)
    GPIOPortL_Handler                        0x00000283   Thumb Code     0  startup.o(RESET)
    GPIOPortM_Handler                        0x00000283   Thumb Code     0  startup.o(RESET)
    GPIOPortN_Handler                        0x00000283   Thumb Code     0  startup.o(RESET)
    GPIOPortP1_Handler                       0x00000283   Thumb Code     0  startup.o(RESET)
    GPIOPortP2_Handler                       0x00000283   Thumb Code     0  startup.o(RESET)
    GPIOPortP3_Handler                       0x00000283   Thumb Code     0  startup.o(RESET)
    GPIOPortP4_Handler                       0x00000283   Thumb Code     0  startup.o(RESET)
    GPIOPortP5_Handler                       0x00000283   Thumb Code     0  startup.o(RESET)
    GPIOPortP6_Handler                       0x00000283   Thumb Code     0  startup.o(RESET)
    GPIOPortP7_Handler                       0x00000283   Thumb Code     0  startup.o(RESET)
    GPIOPortP_Handler                        0x00000283   Thumb Code     0  startup.o(RESET)
    GPIOPortQ1_Handler                       0x00000283   Thumb Code     0  startup.o(RESET)
    GPIOPortQ2_Handler                       0x00000283   Thumb Code     0  startup.o(RESET)
    GPIOPortQ3_Handler                       0x00000283   Thumb Code     0  startup.o(RESET)
    GPIOPortQ4_Handler                       0x00000283   Thumb Code     0  startup.o(RESET)
    GPIOPortQ5_Handler                       0x00000283   Thumb Code     0  startup.o(RESET)
    GPIOPortQ6_Handler                       0x00000283   Thumb Code     0  startup.o(RESET)
    GPIOPortQ7_Handler                       0x00000283   Thumb Code     0  startup.o(RESET)
    GPIOPortQ_Handler                        0x00000283   Thumb Code     0  startup.o(RESET)
    GPIOPortR_Handler                        0x00000283   Thumb Code     0  startup.o(RESET)
    GPIOPortS_Handler                        0x00000283   Thumb Code     0  startup.o(RESET)
    Hibernate_Handler                        0x00000283   Thumb Code     0  startup.o(RESET)
    I2C0_Handler                             0x00000283   Thumb Code     0  startup.o(RESET)
    I2C1_Handler                             0x00000283   Thumb Code     0  startup.o(RESET)
    I2C2_Handler                             0x00000283   Thumb Code     0  startup.o(RESET)
    I2C3_Handler                             0x00000283   Thumb Code     0  startup.o(RESET)
    I2C4_Handler                             0x00000283   Thumb Code     0  startup.o(RESET)
    I2C5_Handler                             0x00000283   Thumb Code     0  startup.o(RESET)
    I2S0_Handler                             0x00000283   Thumb Code     0  startup.o(RESET)
    LPC0_Handler                             0x00000283   Thumb Code     0  startup.o(RESET)
    PECI0_Handler                            0x00000283   Thumb Code     0  startup.o(RESET)
    PWM0Fault_Handler                        0x00000283   Thumb Code     0  startup.o(RESET)
    PWM0Generator0_Handler                   0x00000283   Thumb Code     0  startup.o(RESET)
    PWM0Generator1_Handler                   0x00000283   Thumb Code     0  startup.o(RESET)
    PWM0Generator2_Handler                   0x00000283   Thumb Code     0  startup.o(RESET)
    PWM0Generator3_Handler                   0x00000283   Thumb Code     0  startup.o(RESET)
    PWM1Fault_Handler                        0x00000283   Thumb Code     0  startup.o(RESET)
    PWM1Generator0_Handler                   0x00000283   Thumb Code     0  startup.o(RESET)
    PWM1Generator1_Handler                   0x00000283   Thumb Code     0  startup.o(RESET)
    PWM1Generator2_Handler                   0x00000283   Thumb Code     0  startup.o(RESET)
    PWM1Generator3_Handler                   0x00000283   Thumb Code     0  startup.o(RESET)
    Quadrature0_Handler                      0x00000283   Thumb Code     0  startup.o(RESET)
    Quadrature1_Handler                      0x00000283   Thumb Code     0  startup.o(RESET)
    Quadrature2_Handler                      0x00000283   Thumb Code     0  startup.o(RESET)
    SSI0_Handler                             0x00000283   Thumb Code     0  startup.o(RESET)
    SSI1_Handler                             0x00000283   Thumb Code     0  startup.o(RESET)
    SSI2_Handler                             0x00000283   Thumb Code     0  startup.o(RESET)
    SSI3_Handler                             0x00000283   Thumb Code     0  startup.o(RESET)
    SysCtl_Handler                           0x00000283   Thumb Code     0  startup.o(RESET)
    Timer0B_Handler                          0x00000283   Thumb Code     0  startup.o(RESET)
    Timer1A_Handler                          0x00000283   Thumb Code     0  startup.o(RESET)
    Timer1B_Handler                          0x00000283   Thumb Code     0  startup.o(RESET)
    Timer2B_Handler                          0x00000283   Thumb Code     0  startup.o(RESET)
    Timer3B_Handler                          0x00000283   Thumb Code     0  startup.o(RESET)
    Timer4A_Handler                          0x00000283   Thumb Code     0  startup.o(RESET)
    Timer4B_Handler                          0x00000283   Thumb Code     0  startup.o(RESET)
    Timer5A_Handler                          0x00000283   Thumb Code     0  startup.o(RESET)
    Timer5B_Handler                          0x00000283   Thumb Code     0  startup.o(RESET)
    UART0_Handler                            0x00000283   Thumb Code     0  startup.o(RESET)
    UART1_Handler                            0x00000283   Thumb Code     0  startup.o(RESET)
    UART2_Handler                            0x00000283   Thumb Code     0  startup.o(RESET)
    UART3_Handler                            0x00000283   Thumb Code     0  startup.o(RESET)
    UART4_Handler                            0x00000283   Thumb Code     0  startup.o(RESET)
    UART5_Handler                            0x00000283   Thumb Code     0  startup.o(RESET)
    UART6_Handler                            0x00000283   Thumb Code     0  startup.o(RESET)
    UART7_Handler                            0x00000283   Thumb Code     0  startup.o(RESET)
    USB0_Handler                             0x00000283   Thumb Code     0  startup.o(RESET)
    WDT_Handler                              0x00000283   Thumb Code     0  startup.o(RESET)
    WideTimer0A_Handler                      0x00000283   Thumb Code     0  startup.o(RESET)
    WideTimer0B_Handler                      0x00000283   Thumb Code     0  startup.o(RESET)
    WideTimer1A_Handler                      0x00000283   Thumb Code     0  startup.o(RESET)
    WideTimer1B_Handler                      0x00000283   Thumb Code     0  startup.o(RESET)
    WideTimer2A_Handler                      0x00000283   Thumb Code     0  startup.o(RESET)
    WideTimer2B_Handler                      0x00000283   Thumb Code     0  startup.o(RESET)
    WideTimer3A_Handler                      0x00000283   Thumb Code     0  startup.o(RESET)
    WideTimer3B_Handler                      0x00000283   Thumb Code     0  startup.o(RESET)
    WideTimer4A_Handler                      0x00000283   Thumb Code     0  startup.o(RESET)
    WideTimer4B_Handler                      0x00000283   Thumb Code     0  startup.o(RESET)
    WideTimer5A_Handler                      0x00000283   Thumb Code     0  startup.o(RESET)
    WideTimer5B_Handler                      0x00000283   Thumb Code     0  startup.o(RESET)
    uDMA_Error                               0x00000283   Thumb Code     0  startup.o(RESET)
    uDMA_Handler                             0x00000283   Thumb Code     0  startup.o(RESET)
    __main                                   0x00000285   Thumb Code     0  entry.o(.ARM.Collect$$$$00000000)
    _main_stk                                0x00000285   Thumb Code     0  entry2.o(.ARM.Collect$$$$00000001)
    _main_scatterload                        0x00000289   Thumb Code     0  entry5.o(.ARM.Collect$$$$00000004)
    __main_after_scatterload                 0x0000028d   Thumb Code     0  entry5.o(.ARM.Collect$$$$00000004)
    _main_clock                              0x0000028d   Thumb Code     0  entry7b.o(.ARM.Collect$$$$00000008)
    _main_cpp_init                           0x0000028d   Thumb Code     0  entry8b.o(.ARM.Collect$$$$0000000A)
    _main_init                               0x0000028d   Thumb Code     0  entry9a.o(.ARM.Collect$$$$0000000B)
    __rt_final_cpp                           0x00000295   Thumb Code     0  entry10a.o(.ARM.Collect$$$$0000000D)
    __rt_final_exit                          0x00000295   Thumb Code     0  entry11a.o(.ARM.Collect$$$$0000000F)
    __aeabi_memcpy                           0x00000299   Thumb Code    36  memcpya.o(.text)
    __aeabi_memcpy4                          0x00000299   Thumb Code     0  memcpya.o(.text)
    __aeabi_memcpy8                          0x00000299   Thumb Code     0  memcpya.o(.text)
    strcat                                   0x000002bd   Thumb Code    24  strcat.o(.text)
    __scatterload                            0x000002d5   Thumb Code    28  init.o(.text)
    __scatterload_rt2                        0x000002d5   Thumb Code     0  init.o(.text)
    Delay1ms                                 0x000002f9   Thumb Code    32  st7735.o(i.Delay1ms)
    GPIO_Init                                0x00000319   Thumb Code    12  gpio.o(i.GPIO_Init)
    PLL_Init                                 0x00000325   Thumb Code   118  pll.o(i.PLL_Init)
    PortB_Init                               0x000003a1   Thumb Code   120  gpio.o(i.PortB_Init)
    PortF_Init                               0x0000042d   Thumb Code   136  gpio.o(i.PortF_Init)
    ST7735_DrawBitmap                        0x000004cd   Thumb Code   280  st7735.o(i.ST7735_DrawBitmap)
    ST7735_DrawCharS                         0x000005ed   Thumb Code   232  st7735.o(i.ST7735_DrawCharS)
    ST7735_DrawPixel                         0x000006e1   Thumb Code    64  st7735.o(i.ST7735_DrawPixel)
    ST7735_DrawString                        0x00000729   Thumb Code    86  st7735.o(i.ST7735_DrawString)
    ST7735_FillRect                          0x00000781   Thumb Code   164  st7735.o(i.ST7735_FillRect)
    ST7735_FillScreen                        0x0000082d   Thumb Code    28  st7735.o(i.ST7735_FillScreen)
    ST7735_InitR                             0x00000851   Thumb Code    90  st7735.o(i.ST7735_InitR)
    ST7735_Line                              0x000008cd   Thumb Code   126  st7735.o(i.ST7735_Line)
    ST7735_SetCursor                         0x0000094d   Thumb Code    22  st7735.o(i.ST7735_SetCursor)
    Timer0A_Handler                          0x0000096d   Thumb Code   280  lab3.o(i.Timer0A_Handler)
    Timer0_ButtonCheck_Init                  0x00000ac5   Thumb Code    90  timers.o(i.Timer0_ButtonCheck_Init)
    Timer2A_Handler                          0x00000b31   Thumb Code   134  lab3.o(i.Timer2A_Handler)
    Timer2_ClockTick_Init                    0x00000be5   Thumb Code    80  timers.o(i.Timer2_ClockTick_Init)
    Timer3A_Handler                          0x00000c45   Thumb Code    22  lab3.o(i.Timer3A_Handler)
    Timer3_AlarmSound_Init                   0x00000c69   Thumb Code    62  timers.o(i.Timer3_AlarmSound_Init)
    __scatterload_copy                       0x00000cb9   Thumb Code    14  handlers.o(i.__scatterload_copy)
    __scatterload_null                       0x00000cc7   Thumb Code     2  handlers.o(i.__scatterload_null)
    __scatterload_zeroinit                   0x00000cc9   Thumb Code    14  handlers.o(i.__scatterload_zeroinit)
    ambientDisplay                           0x00000cd9   Thumb Code    18  lab3.o(i.ambientDisplay)
    decHand                                  0x00000ed1   Thumb Code    52  lab3.o(i.decHand)
    decrementHandler                         0x00000f05   Thumb Code    50  lab3.o(i.decrementHandler)
    displayAlarmMessage                      0x00000f49   Thumb Code    48  lab3.o(i.displayAlarmMessage)
    displayClock                             0x00000f95   Thumb Code    86  lab3.o(i.displayClock)
    displayHands                             0x00000ffd   Thumb Code   220  lab3.o(i.displayHands)
    displayNumTime                           0x000010f1   Thumb Code   124  lab3.o(i.displayNumTime)
    getModeHand                              0x00001175   Thumb Code    28  lab3.o(i.getModeHand)
    incHand                                  0x00001191   Thumb Code    38  lab3.o(i.incHand)
    incrementHandler                         0x000011b9   Thumb Code    50  lab3.o(i.incrementHandler)
    initAll                                  0x000011fd   Thumb Code    50  lab3.o(i.initAll)
    initHands                                0x00001239   Thumb Code    40  lab3.o(i.initHands)
    itoa                                     0x00001269   Thumb Code    30  lab3.o(i.itoa)
    main                                     0x00001289   Thumb Code    44  lab3.o(i.main)
    plotLineX                                0x000012c9   Thumb Code   166  st7735.o(i.plotLineX)
    plotLineY                                0x0000136f   Thumb Code   164  st7735.o(i.plotLineY)
    setAlarmDisplay                          0x00001499   Thumb Code    24  lab3.o(i.setAlarmDisplay)
    setCurrentTimeDisplay                    0x000014bd   Thumb Code    24  lab3.o(i.setCurrentTimeDisplay)
    storePrevButtonVal                       0x000014e1   Thumb Code    42  lab3.o(i.storePrevButtonVal)
    dBfs                                     0x00001b5a   Data         512  st7735.o(.constdata)
    ClockImg                                 0x00001d5c   Data       27848  lab3.o(.constdata)
    cosine                                   0x00008a24   Data        1440  lab3.o(.constdata)
    sine                                     0x00008fc4   Data        1440  lab3.o(.constdata)
    Region$$Table$$Base                      0x000095fc   Number         0  anon$$obj.o(Region$$Table)
    Region$$Table$$Limit                     0x0000961c   Number         0  anon$$obj.o(Region$$Table)
    StX                                      0x20000000   Data           4  st7735.o(.data)
    StY                                      0x20000004   Data           4  st7735.o(.data)
    StTextColor                              0x20000008   Data           2  st7735.o(.data)
    lastj                                    0x20000010   Data           4  st7735.o(.data)
    Messageindex                             0x20000018   Data           4  st7735.o(.data)
    Ymax                                     0x2000001c   Data           4  st7735.o(.data)
    Ymin                                     0x20000020   Data           4  st7735.o(.data)
    X                                        0x20000024   Data           4  st7735.o(.data)
    Yrange                                   0x20000028   Data           4  st7735.o(.data)
    isDisplayed                              0x2000002c   Data           4  lab3.o(.data)
    BM_X                                     0x20000030   Data           4  lab3.o(.data)
    BM_Y                                     0x20000034   Data           4  lab3.o(.data)
    CENTER_X                                 0x20000038   Data           4  lab3.o(.data)
    CENTER_Y                                 0x2000003c   Data           4  lab3.o(.data)
    secondCount                              0x20000040   Data           4  lab3.o(.data)
    prevPF4                                  0x20000044   Data           4  lab3.o(.data)
    prevPF0                                  0x20000048   Data           4  lab3.o(.data)
    prevPB0                                  0x2000004c   Data           4  lab3.o(.data)
    prevPB1                                  0x20000050   Data           4  lab3.o(.data)
    prevPB4                                  0x20000054   Data           4  lab3.o(.data)
    modeSwitch                               0x20000058   Data           4  lab3.o(.data)
    isAlarmEnabled                           0x2000005c   Data           4  lab3.o(.data)
    alarmRinging                             0x20000060   Data           4  lab3.o(.data)
    alarmMin                                 0x20000064   Data           4  lab3.o(.data)
    alarmHr                                  0x20000068   Data           4  lab3.o(.data)
    clockMode                                0x2000006c   Data           4  lab3.o(.data)
    setTimeState                             0x20000070   Data           4  lab3.o(.data)
    modeRender                               0x20000074   Data          12  lab3.o(.data)
    minute_hand                              0x20000080   Data          24  lab3.o(.bss)
    hour_hand                                0x20000098   Data          24  lab3.o(.bss)
    __initial_sp                             0x200004b0   Data           0  startup.o(STACK)



==============================================================================

Memory Map of the image

  Image Entry point : 0x0000026d

  Load Region LR_1 (Base: 0x00000000, Size: 0x0000969c, Max: 0xffffffff, ABSOLUTE)

    Execution Region ER_RO (Base: 0x00000000, Size: 0x0000961c, Max: 0xffffffff, ABSOLUTE)

    Base Addr    Size         Type   Attr      Idx    E Section Name        Object

    0x00000000   0x00000284   Code   RO            3  * RESET               startup.o
    0x00000284   0x00000000   Code   RO          520  * .ARM.Collect$$$$00000000  mc_w.l(entry.o)
    0x00000284   0x00000004   Code   RO          529    .ARM.Collect$$$$00000001  mc_w.l(entry2.o)
    0x00000288   0x00000004   Code   RO          532    .ARM.Collect$$$$00000004  mc_w.l(entry5.o)
    0x0000028c   0x00000000   Code   RO          534    .ARM.Collect$$$$00000008  mc_w.l(entry7b.o)
    0x0000028c   0x00000000   Code   RO          536    .ARM.Collect$$$$0000000A  mc_w.l(entry8b.o)
    0x0000028c   0x00000008   Code   RO          537    .ARM.Collect$$$$0000000B  mc_w.l(entry9a.o)
    0x00000294   0x00000000   Code   RO          539    .ARM.Collect$$$$0000000D  mc_w.l(entry10a.o)
    0x00000294   0x00000000   Code   RO          541    .ARM.Collect$$$$0000000F  mc_w.l(entry11a.o)
    0x00000294   0x00000004   Code   RO          530    .ARM.Collect$$$$00002712  mc_w.l(entry2.o)
    0x00000298   0x00000024   Code   RO          523    .text               mc_w.l(memcpya.o)
    0x000002bc   0x00000018   Code   RO          525    .text               mc_w.l(strcat.o)
    0x000002d4   0x00000024   Code   RO          543    .text               mc_w.l(init.o)
    0x000002f8   0x00000020   Code   RO           34    i.Delay1ms          st7735.o
    0x00000318   0x0000000c   Code   RO          496    i.GPIO_Init         gpio.o
    0x00000324   0x0000007c   Code   RO           12    i.PLL_Init          pll.o
    0x000003a0   0x0000008c   Code   RO          497    i.PortB_Init        gpio.o
    0x0000042c   0x000000a0   Code   RO          498    i.PortF_Init        gpio.o
    0x000004cc   0x00000120   Code   RO           41    i.ST7735_DrawBitmap  st7735.o
    0x000005ec   0x000000f4   Code   RO           43    i.ST7735_DrawCharS  st7735.o
    0x000006e0   0x00000048   Code   RO           46    i.ST7735_DrawPixel  st7735.o
    0x00000728   0x00000056   Code   RO           47    i.ST7735_DrawString  st7735.o
    0x0000077e   0x00000002   PAD
    0x00000780   0x000000ac   Code   RO           48    i.ST7735_FillRect   st7735.o
    0x0000082c   0x00000024   Code   RO           49    i.ST7735_FillScreen  st7735.o
    0x00000850   0x0000007c   Code   RO           51    i.ST7735_InitR      st7735.o
    0x000008cc   0x0000007e   Code   RO           53    i.ST7735_Line       st7735.o
    0x0000094a   0x00000002   PAD
    0x0000094c   0x00000020   Code   RO           65    i.ST7735_SetCursor  st7735.o
    0x0000096c   0x00000158   Code   RO          331    i.Timer0A_Handler   lab3.o
    0x00000ac4   0x0000006c   Code   RO          472    i.Timer0_ButtonCheck_Init  timers.o
    0x00000b30   0x000000b4   Code   RO          332    i.Timer2A_Handler   lab3.o
    0x00000be4   0x00000060   Code   RO          473    i.Timer2_ClockTick_Init  timers.o
    0x00000c44   0x00000024   Code   RO          333    i.Timer3A_Handler   lab3.o
    0x00000c68   0x00000050   Code   RO          474    i.Timer3_AlarmSound_Init  timers.o
    0x00000cb8   0x0000000e   Code   RO          547    i.__scatterload_copy  mc_w.l(handlers.o)
    0x00000cc6   0x00000002   Code   RO          548    i.__scatterload_null  mc_w.l(handlers.o)
    0x00000cc8   0x0000000e   Code   RO          549    i.__scatterload_zeroinit  mc_w.l(handlers.o)
    0x00000cd6   0x00000002   PAD
    0x00000cd8   0x0000001c   Code   RO          334    i.ambientDisplay    lab3.o
    0x00000cf4   0x00000056   Code   RO           69    i.commandList       st7735.o
    0x00000d4a   0x00000002   PAD
    0x00000d4c   0x00000184   Code   RO           70    i.commonInit        st7735.o
    0x00000ed0   0x00000034   Code   RO          335    i.decHand           lab3.o
    0x00000f04   0x00000044   Code   RO          336    i.decrementHandler  lab3.o
    0x00000f48   0x0000004c   Code   RO          337    i.displayAlarmMessage  lab3.o
    0x00000f94   0x00000068   Code   RO          338    i.displayClock      lab3.o
    0x00000ffc   0x000000f4   Code   RO          339    i.displayHands      lab3.o
    0x000010f0   0x00000084   Code   RO          340    i.displayNumTime    lab3.o
    0x00001174   0x0000001c   Code   RO          341    i.getModeHand       lab3.o
    0x00001190   0x00000026   Code   RO          342    i.incHand           lab3.o
    0x000011b6   0x00000002   PAD
    0x000011b8   0x00000044   Code   RO          343    i.incrementHandler  lab3.o
    0x000011fc   0x0000003c   Code   RO          344    i.initAll           lab3.o
    0x00001238   0x00000030   Code   RO          345    i.initHands         lab3.o
    0x00001268   0x0000001e   Code   RO          346    i.itoa              lab3.o
    0x00001286   0x00000002   PAD
    0x00001288   0x00000040   Code   RO          347    i.main              lab3.o
    0x000012c8   0x000000a6   Code   RO           75    i.plotLineX         st7735.o
    0x0000136e   0x000000a4   Code   RO           76    i.plotLineY         st7735.o
    0x00001412   0x00000012   Code   RO           77    i.pushColor         st7735.o
    0x00001424   0x00000074   Code   RO           78    i.setAddrWindow     st7735.o
    0x00001498   0x00000024   Code   RO          348    i.setAlarmDisplay   lab3.o
    0x000014bc   0x00000024   Code   RO          349    i.setCurrentTimeDisplay  lab3.o
    0x000014e0   0x00000048   Code   RO          350    i.storePrevButtonVal  lab3.o
    0x00001528   0x00000030   Code   RO           79    i.writecommand      st7735.o
    0x00001558   0x00000020   Code   RO           80    i.writedata         st7735.o
    0x00001578   0x000007e2   Data   RO           82    .constdata          st7735.o
    0x00001d5a   0x00000002   PAD
    0x00001d5c   0x0000789e   Data   RO          352    .constdata          lab3.o
    0x000095fa   0x00000002   PAD
    0x000095fc   0x00000020   Data   RO          545    Region$$Table       anon$$obj.o


    Execution Region ER_RW (Base: 0x20000000, Size: 0x00000080, Max: 0xffffffff, ABSOLUTE)

    Base Addr    Size         Type   Attr      Idx    E Section Name        Object

    0x20000000   0x0000002c   Data   RW           83    .data               st7735.o
    0x2000002c   0x00000054   Data   RW          353    .data               lab3.o


    Execution Region ER_ZI (Base: 0x20000080, Size: 0x00000430, Max: 0xffffffff, ABSOLUTE)

    Base Addr    Size         Type   Attr      Idx    E Section Name        Object

    0x20000080   0x00000030   Zero   RW          351    .bss                lab3.o
    0x200000b0   0x00000400   Zero   RW            1    STACK               startup.o


==============================================================================

Image component sizes


      Code (inc. data)   RO Data    RW Data    ZI Data      Debug   Object Name

       312         44          0          0          0       1082   gpio.o
      1744        340      30878         84         48      10970   lab3.o
       124          6          0          0          0       4607   pll.o
      2230        162       2018         44          0      13864   st7735.o
       644        620          0          0       1024        676   startup.o
       284         52          0          0          0       1671   timers.o

    ----------------------------------------------------------------------
      5348       1224      32932        128       1072      32870   Object Totals
         0          0         32          0          0          0   (incl. Generated)
        10          0          4          0          0          0   (incl. Padding)

    ----------------------------------------------------------------------

      Code (inc. data)   RO Data    RW Data    ZI Data      Debug   Library Member Name

         0          0          0          0          0          0   entry.o
         0          0          0          0          0          0   entry10a.o
         0          0          0          0          0          0   entry11a.o
         8          4          0          0          0          0   entry2.o
         4          0          0          0          0          0   entry5.o
         0          0          0          0          0          0   entry7b.o
         0          0          0          0          0          0   entry8b.o
         8          4          0          0          0          0   entry9a.o
        30          0          0          0          0          0   handlers.o
        36          8          0          0          0         68   init.o
        36          0          0          0          0         68   memcpya.o
        24          0          0          0          0         68   strcat.o

    ----------------------------------------------------------------------
       148         16          0          0          0        204   Library Totals
         2          0          0          0          0          0   (incl. Padding)

    ----------------------------------------------------------------------

      Code (inc. data)   RO Data    RW Data    ZI Data      Debug   Library Name

       146         16          0          0          0        204   mc_w.l

    ----------------------------------------------------------------------
       148         16          0          0          0        204   Library Totals

    ----------------------------------------------------------------------

==============================================================================


      Code (inc. data)   RO Data    RW Data    ZI Data      Debug   

      5496       1240      32932        128       1072      30838   Grand Totals
      5496       1240      32932        128       1072      30838   ELF Image Totals
      5496       1240      32932        128          0          0   ROM Totals

==============================================================================

    Total RO  Size (Code + RO Data)                38428 (  37.53kB)
    Total RW  Size (RW Data + ZI Data)              1200 (   1.17kB)
    Total ROM Size (Code + RO Data + RW Data)      38556 (  37.65kB)

==============================================================================

